../Core/Src/main.c:71:6:setTimer0	16	static
../Core/Src/main.c:75:6:timer_run	4	static
../Core/Src/main.c:87:5:main	8	static
../Core/Src/main.c:138:6:SystemClock_Config	72	static
../Core/Src/main.c:175:13:MX_TIM2_Init	32	static
../Core/Src/main.c:219:13:MX_GPIO_Init	32	static
../Core/Src/main.c:262:6:HAL_TIM_PeriodElapsedCallback	16	static
../Core/Src/main.c:281:6:display7SEG	16	static
../Core/Src/main.c:395:6:update7SEG	16	static
../Core/Src/main.c:426:6:updateClockBuffer	4	static
../Core/Src/main.c:438:6:Error_Handler	4	static,ignoring_inline_asm
