Archive member included to satisfy reference by file (symbol)

C:/ST/STM32CubeIDE_1.16.1/STM32CubeIDE/plugins/com.st.stm32cube.ide.mcu.externaltools.gnu-tools-for-stm32.13.3.rel1.win32_1.0.0.202411081344/tools/bin/../lib/gcc/arm-none-eabi/13.3.1/../../../../arm-none-eabi/lib/thumb/v7-m/nofp\libc_nano.a(libc_a-exit.o)
                              C:/ST/STM32CubeIDE_1.16.1/STM32CubeIDE/plugins/com.st.stm32cube.ide.mcu.externaltools.gnu-tools-for-stm32.13.3.rel1.win32_1.0.0.202411081344/tools/bin/../lib/gcc/arm-none-eabi/13.3.1/../../../../arm-none-eabi/lib/thumb/v7-m/nofp/crt0.o (exit)
C:/ST/STM32CubeIDE_1.16.1/STM32CubeIDE/plugins/com.st.stm32cube.ide.mcu.externaltools.gnu-tools-for-stm32.13.3.rel1.win32_1.0.0.202411081344/tools/bin/../lib/gcc/arm-none-eabi/13.3.1/../../../../arm-none-eabi/lib/thumb/v7-m/nofp\libc_nano.a(libc_a-findfp.o)
                              C:/ST/STM32CubeIDE_1.16.1/STM32CubeIDE/plugins/com.st.stm32cube.ide.mcu.externaltools.gnu-tools-for-stm32.13.3.rel1.win32_1.0.0.202411081344/tools/bin/../lib/gcc/arm-none-eabi/13.3.1/../../../../arm-none-eabi/lib/thumb/v7-m/nofp\libc_nano.a(libc_a-exit.o) (__stdio_exit_handler)
C:/ST/STM32CubeIDE_1.16.1/STM32CubeIDE/plugins/com.st.stm32cube.ide.mcu.externaltools.gnu-tools-for-stm32.13.3.rel1.win32_1.0.0.202411081344/tools/bin/../lib/gcc/arm-none-eabi/13.3.1/../../../../arm-none-eabi/lib/thumb/v7-m/nofp\libc_nano.a(libc_a-fwalk.o)
                              C:/ST/STM32CubeIDE_1.16.1/STM32CubeIDE/plugins/com.st.stm32cube.ide.mcu.externaltools.gnu-tools-for-stm32.13.3.rel1.win32_1.0.0.202411081344/tools/bin/../lib/gcc/arm-none-eabi/13.3.1/../../../../arm-none-eabi/lib/thumb/v7-m/nofp\libc_nano.a(libc_a-findfp.o) (_fwalk_sglue)
C:/ST/STM32CubeIDE_1.16.1/STM32CubeIDE/plugins/com.st.stm32cube.ide.mcu.externaltools.gnu-tools-for-stm32.13.3.rel1.win32_1.0.0.202411081344/tools/bin/../lib/gcc/arm-none-eabi/13.3.1/../../../../arm-none-eabi/lib/thumb/v7-m/nofp\libc_nano.a(libc_a-stdio.o)
                              C:/ST/STM32CubeIDE_1.16.1/STM32CubeIDE/plugins/com.st.stm32cube.ide.mcu.externaltools.gnu-tools-for-stm32.13.3.rel1.win32_1.0.0.202411081344/tools/bin/../lib/gcc/arm-none-eabi/13.3.1/../../../../arm-none-eabi/lib/thumb/v7-m/nofp\libc_nano.a(libc_a-findfp.o) (__sread)
C:/ST/STM32CubeIDE_1.16.1/STM32CubeIDE/plugins/com.st.stm32cube.ide.mcu.externaltools.gnu-tools-for-stm32.13.3.rel1.win32_1.0.0.202411081344/tools/bin/../lib/gcc/arm-none-eabi/13.3.1/../../../../arm-none-eabi/lib/thumb/v7-m/nofp\libc_nano.a(libc_a-memset.o)
                              C:/ST/STM32CubeIDE_1.16.1/STM32CubeIDE/plugins/com.st.stm32cube.ide.mcu.externaltools.gnu-tools-for-stm32.13.3.rel1.win32_1.0.0.202411081344/tools/bin/../lib/gcc/arm-none-eabi/13.3.1/../../../../arm-none-eabi/lib/thumb/v7-m/nofp/crt0.o (memset)
C:/ST/STM32CubeIDE_1.16.1/STM32CubeIDE/plugins/com.st.stm32cube.ide.mcu.externaltools.gnu-tools-for-stm32.13.3.rel1.win32_1.0.0.202411081344/tools/bin/../lib/gcc/arm-none-eabi/13.3.1/../../../../arm-none-eabi/lib/thumb/v7-m/nofp\libc_nano.a(libc_a-closer.o)
                              C:/ST/STM32CubeIDE_1.16.1/STM32CubeIDE/plugins/com.st.stm32cube.ide.mcu.externaltools.gnu-tools-for-stm32.13.3.rel1.win32_1.0.0.202411081344/tools/bin/../lib/gcc/arm-none-eabi/13.3.1/../../../../arm-none-eabi/lib/thumb/v7-m/nofp\libc_nano.a(libc_a-stdio.o) (_close_r)
C:/ST/STM32CubeIDE_1.16.1/STM32CubeIDE/plugins/com.st.stm32cube.ide.mcu.externaltools.gnu-tools-for-stm32.13.3.rel1.win32_1.0.0.202411081344/tools/bin/../lib/gcc/arm-none-eabi/13.3.1/../../../../arm-none-eabi/lib/thumb/v7-m/nofp\libc_nano.a(libc_a-reent.o)
                              C:/ST/STM32CubeIDE_1.16.1/STM32CubeIDE/plugins/com.st.stm32cube.ide.mcu.externaltools.gnu-tools-for-stm32.13.3.rel1.win32_1.0.0.202411081344/tools/bin/../lib/gcc/arm-none-eabi/13.3.1/../../../../arm-none-eabi/lib/thumb/v7-m/nofp\libc_nano.a(libc_a-closer.o) (errno)
C:/ST/STM32CubeIDE_1.16.1/STM32CubeIDE/plugins/com.st.stm32cube.ide.mcu.externaltools.gnu-tools-for-stm32.13.3.rel1.win32_1.0.0.202411081344/tools/bin/../lib/gcc/arm-none-eabi/13.3.1/../../../../arm-none-eabi/lib/thumb/v7-m/nofp\libc_nano.a(libc_a-impure.o)
                              C:/ST/STM32CubeIDE_1.16.1/STM32CubeIDE/plugins/com.st.stm32cube.ide.mcu.externaltools.gnu-tools-for-stm32.13.3.rel1.win32_1.0.0.202411081344/tools/bin/../lib/gcc/arm-none-eabi/13.3.1/../../../../arm-none-eabi/lib/thumb/v7-m/nofp\libc_nano.a(libc_a-reent.o) (_impure_ptr)
C:/ST/STM32CubeIDE_1.16.1/STM32CubeIDE/plugins/com.st.stm32cube.ide.mcu.externaltools.gnu-tools-for-stm32.13.3.rel1.win32_1.0.0.202411081344/tools/bin/../lib/gcc/arm-none-eabi/13.3.1/../../../../arm-none-eabi/lib/thumb/v7-m/nofp\libc_nano.a(libc_a-lseekr.o)
[...]
Memory Configuration

Name             Origin             Length             Attributes
RAM              0x20000000         0x00002800         xrw
FLASH            0x08000000         0x00008000         xr
*default*        0x00000000         0xffffffff

Linker script and memory map

LOAD C:/ST/STM32CubeIDE_1.16.1/STM32CubeIDE/plugins/com.st.stm32cube.ide.mcu.externaltools.gnu-tools-for-stm32.13.3.rel1.win32_1.0.0.202411081344/tools/bin/../lib/gcc/arm-none-eabi/13.3.1/thumb/v7-m/nofp/crti.o
LOAD C:/ST/STM32CubeIDE_1.16.1/STM32CubeIDE/plugins/com.st.stm32cube.ide.mcu.externaltools.gnu-tools-for-stm32.13.3.rel1.win32_1.0.0.202411081344/tools/bin/../lib/gcc/arm-none-eabi/13.3.1/thumb/v7-m/nofp/crtbegin.o
LOAD C:/ST/STM32CubeIDE_1.16.1/STM32CubeIDE/plugins/com.st.stm32cube.ide.mcu.externaltools.gnu-tools-for-stm32.13.3.rel1.win32_1.0.0.202411081344/tools/bin/../lib/gcc/arm-none-eabi/13.3.1/../../../../arm-none-eabi/lib/thumb/v7-m/nofp/crt0.o
LOAD ./Core/Src/button.o
LOAD ./Core/Src/global.o
LOAD ./Core/Src/led_7_segment.o
LOAD ./Core/Src/main.o
LOAD ./Core/Src/scheduler.o
LOAD ./Core/Src/software_timer.o
LOAD ./Core/Src/stm32f1xx_hal_msp.o
LOAD ./Core/Src/stm32f1xx_it.o
LOAD ./Core/Src/syscalls.o
LOAD ./Core/Src/sysmem.o
LOAD ./Core/Src/system_stm32f1xx.o
LOAD ./Core/Src/task.o
LOAD ./Core/Src/traffic_light.o
LOAD ./Core/Startup/startup_stm32f103c6ux.o
LOAD ./Drivers/STM32F1xx_HAL_Driver/Src/stm32f1xx_hal.o
LOAD ./Drivers/STM32F1xx_HAL_Driver/Src/stm32f1xx_hal_cortex.o
LOAD ./Drivers/STM32F1xx_HAL_Driver/Src/stm32f1xx_hal_dma.o
LOAD ./Drivers/STM32F1xx_HAL_Driver/Src/stm32f1xx_hal_exti.o
LOAD ./Drivers/STM32F1xx_HAL_Driver/Src/stm32f1xx_hal_flash.o
LOAD ./Drivers/STM32F1xx_HAL_Driver/Src/stm32f1xx_hal_flash_ex.o
LOAD ./Drivers/STM32F1xx_HAL_Driver/Src/stm32f1xx_hal_gpio.o
LOAD ./Drivers/STM32F1xx_HAL_Driver/Src/stm32f1xx_hal_gpio_ex.o
LOAD ./Drivers/STM32F1xx_HAL_Driver/Src/stm32f1xx_hal_pwr.o
LOAD ./Drivers/STM32F1xx_HAL_Driver/Src/stm32f1xx_hal_rcc.o
LOAD ./Drivers/STM32F1xx_HAL_Driver/Src/stm32f1xx_hal_rcc_ex.o
LOAD ./Drivers/STM32F1xx_HAL_Driver/Src/stm32f1xx_hal_tim.o
LOAD ./Drivers/STM32F1xx_HAL_Driver/Src/stm32f1xx_hal_tim_ex.o
START GROUP
LOAD C:/ST/STM32CubeIDE_1.16.1/STM32CubeIDE/plugins/com.st.stm32cube.ide.mcu.externaltools.gnu-tools-for-stm32.13.3.rel1.win32_1.0.0.202411081344/tools/bin/../lib/gcc/arm-none-eabi/13.3.1/../../../../arm-none-eabi/lib/thumb/v7-m/nofp\libc_nano.a
LOAD C:/ST/STM32CubeIDE_1.16.1/STM32CubeIDE/plugins/com.st.stm32cube.ide.mcu.externaltools.gnu-tools-for-stm32.13.3.rel1.win32_1.0.0.202411081344/tools/bin/../lib/gcc/arm-none-eabi/13.3.1/../../../../arm-none-eabi/lib/thumb/v7-m/nofp\libm.a
END GROUP
START GROUP
LOAD C:/ST/STM32CubeIDE_1.16.1/STM32CubeIDE/plugins/com.st.stm32cube.ide.mcu.externaltools.gnu-tools-for-stm32.13.3.rel1.win32_1.0.0.202411081344/tools/bin/../lib/gcc/arm-none-eabi/13.3.1/thumb/v7-m/nofp\libgcc.a
LOAD C:/ST/STM32CubeIDE_1.16.1/STM32CubeIDE/plugins/com.st.stm32cube.ide.mcu.externaltools.gnu-tools-for-stm32.13.3.rel1.win32_1.0.0.202411081344/tools/bin/../lib/gcc/arm-none-eabi/13.3.1/../../../../arm-none-eabi/lib/thumb/v7-m/nofp\libc_nano.a
END GROUP
START GROUP
LOAD C:/ST/STM32CubeIDE_1.16.1/STM32CubeIDE/plugins/com.st.stm32cube.ide.mcu.externaltools.gnu-tools-for-stm32.13.3.rel1.win32_1.0.0.202411081344/tools/bin/../lib/gcc/arm-none-eabi/13.3.1/thumb/v7-m/nofp\libgcc.a
LOAD C:/ST/STM32CubeIDE_1.16.1/STM32CubeIDE/plugins/com.st.stm32cube.ide.mcu.externaltools.gnu-tools-for-stm32.13.3.rel1.win32_1.0.0.202411081344/tools/bin/../lib/gcc/arm-none-eabi/13.3.1/../../../../arm-none-eabi/lib/thumb/v7-m/nofp\libc_nano.a
LOAD C:/ST/STM32CubeIDE_1.16.1/STM32CubeIDE/plugins/com.st.stm32cube.ide.mcu.externaltools.gnu-tools-for-stm32.13.3.rel1.win32_1.0.0.202411081344/tools/bin/../lib/gcc/arm-none-eabi/13.3.1/../../../../arm-none-eabi/lib/thumb/v7-m/nofp\libnosys.a
END GROUP
START GROUP
LOAD C:/ST/STM32CubeIDE_1.16.1/STM32CubeIDE/plugins/com.st.stm32cube.ide.mcu.externaltools.gnu-tools-for-stm32.13.3.rel1.win32_1.0.0.202411081344/tools/bin/../lib/gcc/arm-none-eabi/13.3.1/thumb/v7-m/nofp\libgcc.a
LOAD C:/ST/STM32CubeIDE_1.16.1/STM32CubeIDE/plugins/com.st.stm32cube.ide.mcu.externaltools.gnu-tools-for-stm32.13.3.rel1.win32_1.0.0.202411081344/tools/bin/../lib/gcc/arm-none-eabi/13.3.1/../../../../arm-none-eabi/lib/thumb/v7-m/nofp\libc_nano.a
LOAD C:/ST/STM32CubeIDE_1.16.1/STM32CubeIDE/plugins/com.st.stm32cube.ide.mcu.externaltools.gnu-tools-for-stm32.13.3.rel1.win32_1.0.0.202411081344/tools/bin/../lib/gcc/arm-none-eabi/13.3.1/../../../../arm-none-eabi/lib/thumb/v7-m/nofp\libnosys.a
END GROUP
LOAD C:/ST/STM32CubeIDE_1.16.1/STM32CubeIDE/plugins/com.st.stm32cube.ide.mcu.externaltools.gnu-tools-for-stm32.13.3.rel1.win32_1.0.0.202411081344/tools/bin/../lib/gcc/arm-none-eabi/13.3.1/thumb/v7-m/nofp/crtend.o
LOAD C:/ST/STM32CubeIDE_1.16.1/STM32CubeIDE/plugins/com.st.stm32cube.ide.mcu.externaltools.gnu-tools-for-stm32.13.3.rel1.win32_1.0.0.202411081344/tools/bin/../lib/gcc/arm-none-eabi/13.3.1/thumb/v7-m/nofp/crtn.o
                0x20002800                        _estack = (ORIGIN (RAM) + LENGTH (RAM))
                0x00000200                        _Min_Heap_Size = 0x200
                0x00000400                        _Min_Stack_Size = 0x400

.isr_vector     0x08000000      0x10c
                0x08000000                        . = ALIGN (0x4)
 *(.isr_vector)
 .isr_vector    0x08000000      0x10c ./Core/Startup/startup_stm32f103c6ux.o
                0x08000000                g_pfnVectors
                0x0800010c                        . = ALIGN (0x4)

.text           0x0800010c     0x305c
                0x0800010c                        . = ALIGN (0x4)
 *(.text)
 .text          0x0800010c       0x40 C:/ST/STM32CubeIDE_1.16.1/STM32CubeIDE/plugins/com.st.stm32cube.ide.mcu.externaltools.gnu-tools-for-stm32.13.3.rel1.win32_1.0.0.202411081344/tools/bin/../lib/gcc/arm-none-eabi/13.3.1/thumb/v7-m/nofp/crtbegin.o
 *(.text*)
 .text.getKeyInput
                0x0800014c       0xa0 ./Core/Src/button.o
                0x0800014c                getKeyInput
 .text.isButtonPressed
                0x080001ec       0x26 ./Core/Src/button.o
                0x080001ec                isButtonPressed
 .text.isButtonLongPressed
                0x08000212       0x26 ./Core/Src/button.o
                0x08000212                isButtonLongPressed
 .text.resetButton
                0x08000238       0x1e ./Core/Src/button.o
                0x08000238                resetButton
 *fill*         0x08000256        0x2 
 .text.set_on_4digits
                0x08000258       0x28 ./Core/Src/led_7_segment.o
                0x08000258                set_on_4digits
 .text.unable_4digit
                0x08000280       0x3c ./Core/Src/led_7_segment.o
                0x08000280                unable_4digit
 .text.display_4digits
                0x080002bc       0x80 ./Core/Src/led_7_segment.o
                0x080002bc                display_4digits
 .text.update_led_7seg_buffer
                0x0800033c       0xac ./Core/Src/led_7_segment.o
                0x0800033c                update_led_7seg_buffer
 .text.display_a_digit
                0x080003e8       0x22 ./Core/Src/led_7_segment.o
                0x080003e8                display_a_digit
 *fill*         0x0800040a        0x2 
 .text.display_number
                0x0800040c      0x3d8 ./Core/Src/led_7_segment.o
                0x0800040c                display_number
 .text.enable_digit
                0x080007e4       0xfc ./Core/Src/led_7_segment.o
                0x080007e4                enable_digit
 .text.main     0x080008e0       0x84 ./Core/Src/main.o
                0x080008e0                main
 .text.SystemClock_Config
                0x08000964       0x76 ./Core/Src/main.o
                0x08000964                SystemClock_Config
 *fill*         0x080009da        0x2 
 .text.MX_TIM2_Init
                0x080009dc       0x98 ./Core/Src/main.o
 .text.MX_GPIO_Init
                0x08000a74       0xd4 ./Core/Src/main.o
 .text.HAL_TIM_PeriodElapsedCallback
                0x08000b48       0x14 ./Core/Src/main.o
                0x08000b48                HAL_TIM_PeriodElapsedCallback
 .text.Error_Handler
                0x08000b5c        0xc ./Core/Src/main.o
                0x08000b5c                Error_Handler
 .text.initArr  0x08000b68       0x5c ./Core/Src/scheduler.o
                0x08000b68                initArr
 .text.clearData
                0x08000bc4       0x78 ./Core/Src/scheduler.o
                0x08000bc4                clearData
 .text.getFreeIndexArr
                0x08000c3c       0x48 ./Core/Src/scheduler.o
                0x08000c3c                getFreeIndexArr
 .text.addIndex
                0x08000c84      0x21c ./Core/Src/scheduler.o
                0x08000c84                addIndex
 .text.SCH_Init
                0x08000ea0       0x18 ./Core/Src/scheduler.o
                0x08000ea0                SCH_Init
 .text.SCH_Update
                0x08000eb8       0x8c ./Core/Src/scheduler.o
                0x08000eb8                SCH_Update
 .text.SCH_Dispatch_Tasks
                0x08000f44      0x14c ./Core/Src/scheduler.o
                0x08000f44                SCH_Dispatch_Tasks
 .text.SCH_Add_Task
                0x08001090       0xa0 ./Core/Src/scheduler.o
                0x08001090                SCH_Add_Task
 .text.HAL_MspInit
                0x08001130       0x64 ./Core/Src/stm32f1xx_hal_msp.o
                0x08001130                HAL_MspInit
 .text.HAL_TIM_Base_MspInit
                0x08001194       0x48 ./Core/Src/stm32f1xx_hal_msp.o
                0x08001194                HAL_TIM_Base_MspInit
 .text.NMI_Handler
                0x080011dc        0x8 ./Core/Src/stm32f1xx_it.o
                0x080011dc                NMI_Handler
 .text.HardFault_Handler
                0x080011e4        0x8 ./Core/Src/stm32f1xx_it.o
                0x080011e4                HardFault_Handler
 .text.MemManage_Handler
                0x080011ec        0x8 ./Core/Src/stm32f1xx_it.o
                0x080011ec                MemManage_Handler
 .text.BusFault_Handler
                0x080011f4        0x8 ./Core/Src/stm32f1xx_it.o
                0x080011f4                BusFault_Handler
 .text.UsageFault_Handler
                0x080011fc        0x8 ./Core/Src/stm32f1xx_it.o
                0x080011fc                UsageFault_Handler
 .text.SVC_Handler
                0x08001204        0xc ./Core/Src/stm32f1xx_it.o
                0x08001204                SVC_Handler
 .text.DebugMon_Handler
                0x08001210        0xc ./Core/Src/stm32f1xx_it.o
                0x08001210                DebugMon_Handler
 .text.PendSV_Handler
                0x0800121c        0xc ./Core/Src/stm32f1xx_it.o
                0x0800121c                PendSV_Handler
 .text.SysTick_Handler
                0x08001228        0xc ./Core/Src/stm32f1xx_it.o
                0x08001228                SysTick_Handler
 .text.TIM2_IRQHandler
                0x08001234       0x14 ./Core/Src/stm32f1xx_it.o
                0x08001234                TIM2_IRQHandler
 .text.SystemInit
                0x08001248        0xc ./Core/Src/system_stm32f1xx.o
                0x08001248                SystemInit
 .text.get3ButtonInput
                0x08001254       0x28 ./Core/Src/task.o
                0x08001254                get3ButtonInput
 .text.statusLED
                0x0800127c       0x18 ./Core/Src/task.o
                0x0800127c                statusLED
 .text.load_timer_auto
                0x08001294       0x2c ./Core/Src/traffic_light.o
                0x08001294                load_timer_auto
 .text.task_update_traffic_light
                0x080012c0       0x90 ./Core/Src/traffic_light.o
                0x080012c0                task_update_traffic_light
 .text.task_update_7segment
                0x08001350       0x10 ./Core/Src/traffic_light.o
                0x08001350                task_update_7segment
 .text.task_countdown
                0x08001360       0x50 ./Core/Src/traffic_light.o
                0x08001360                task_countdown
 .text.fsm_traffic_light
                0x080013b0      0x404 ./Core/Src/traffic_light.o
                0x080013b0                fsm_traffic_light
 .text.turn_red_on
                0x080017b4       0x4c ./Core/Src/traffic_light.o
                0x080017b4                turn_red_on
 .text.turn_yel_on
                0x08001800       0x4c ./Core/Src/traffic_light.o
                0x08001800                turn_yel_on
 .text.turn_grn_on
                0x0800184c       0x4c ./Core/Src/traffic_light.o
                0x0800184c                turn_grn_on
 .text.turn_on_red_grn
                0x08001898       0x4c ./Core/Src/traffic_light.o
                0x08001898                turn_on_red_grn
 .text.turn_on_red_yel
                0x080018e4       0x4c ./Core/Src/traffic_light.o
                0x080018e4                turn_on_red_yel
 .text.turn_on_grn_red
                0x08001930       0x4c ./Core/Src/traffic_light.o
                0x08001930                turn_on_grn_red
 .text.turn_on_yel_red
                0x0800197c       0x4c ./Core/Src/traffic_light.o
                0x0800197c                turn_on_yel_red
 .text.init_red_time_config
                0x080019c8       0x58 ./Core/Src/traffic_light.o
                0x080019c8                init_red_time_config
 .text.init_yel_time_config
                0x08001a20       0x58 ./Core/Src/traffic_light.o
                0x08001a20                init_yel_time_config
 .text.init_grn_time_config
                0x08001a78       0x58 ./Core/Src/traffic_light.o
                0x08001a78                init_grn_time_config
 .text.Reset_Handler
                0x08001ad0       0x48 ./Core/Startup/startup_stm32f103c6ux.o
                0x08001ad0                Reset_Handler
 .text.Default_Handler
                0x08001b18        0x2 ./Core/Startup/startup_stm32f103c6ux.o
                0x08001b18                RTC_Alarm_IRQHandler
                0x08001b18                EXTI2_IRQHandler
                0x08001b18                TIM1_CC_IRQHandler
                0x08001b18                PVD_IRQHandler
                0x08001b18                EXTI3_IRQHandler
                0x08001b18                EXTI0_IRQHandler
                0x08001b18                ADC1_2_IRQHandler
                0x08001b18                SPI1_IRQHandler
                0x08001b18                TAMPER_IRQHandler
                0x08001b18                DMA1_Channel4_IRQHandler
                0x08001b18                RTC_IRQHandler
                0x08001b18                DMA1_Channel7_IRQHandler
                0x08001b18                CAN1_RX1_IRQHandler
                0x08001b18                I2C1_EV_IRQHandler
                0x08001b18                DMA1_Channel6_IRQHandler
                0x08001b18                TIM3_IRQHandler
                0x08001b18                RCC_IRQHandler
                0x08001b18                TIM1_TRG_COM_IRQHandler
                0x08001b18                DMA1_Channel1_IRQHandler
                0x08001b18                Default_Handler
                0x08001b18                EXTI15_10_IRQHandler
                0x08001b18                EXTI9_5_IRQHandler
                0x08001b18                DMA1_Channel5_IRQHandler
                0x08001b18                EXTI4_IRQHandler
                0x08001b18                USB_LP_CAN1_RX0_IRQHandler
                0x08001b18                USB_HP_CAN1_TX_IRQHandler
                0x08001b18                DMA1_Channel3_IRQHandler
                0x08001b18                TIM1_UP_IRQHandler
                0x08001b18                WWDG_IRQHandler
                0x08001b18                TIM1_BRK_IRQHandler
                0x08001b18                EXTI1_IRQHandler
                0x08001b18                USART2_IRQHandler
                0x08001b18                DMA1_Channel2_IRQHandler
                0x08001b18                CAN1_SCE_IRQHandler
                0x08001b18                FLASH_IRQHandler
                0x08001b18                USART1_IRQHandler
                0x08001b18                I2C1_ER_IRQHandler
                0x08001b18                USBWakeUp_IRQHandler
 *fill*         0x08001b1a        0x2 
 .text.HAL_Init
                0x08001b1c       0x2c ./Drivers/STM32F1xx_HAL_Driver/Src/stm32f1xx_hal.o
                0x08001b1c                HAL_Init
 .text.HAL_InitTick
                0x08001b48       0x60 ./Drivers/STM32F1xx_HAL_Driver/Src/stm32f1xx_hal.o
                0x08001b48                HAL_InitTick
 .text.HAL_IncTick
                0x08001ba8       0x24 ./Drivers/STM32F1xx_HAL_Driver/Src/stm32f1xx_hal.o
                0x08001ba8                HAL_IncTick
 .text.HAL_GetTick
                0x08001bcc       0x14 ./Drivers/STM32F1xx_HAL_Driver/Src/stm32f1xx_hal.o
                0x08001bcc                HAL_GetTick
 .text.__NVIC_SetPriorityGrouping
                0x08001be0       0x48 ./Drivers/STM32F1xx_HAL_Driver/Src/stm32f1xx_hal_cortex.o
 .text.__NVIC_GetPriorityGrouping
                0x08001c28       0x1c ./Drivers/STM32F1xx_HAL_Driver/Src/stm32f1xx_hal_cortex.o
 .text.__NVIC_EnableIRQ
                0x08001c44       0x38 ./Drivers/STM32F1xx_HAL_Driver/Src/stm32f1xx_hal_cortex.o
 .text.__NVIC_SetPriority
                0x08001c7c       0x54 ./Drivers/STM32F1xx_HAL_Driver/Src/stm32f1xx_hal_cortex.o
 .text.NVIC_EncodePriority
                0x08001cd0       0x64 ./Drivers/STM32F1xx_HAL_Driver/Src/stm32f1xx_hal_cortex.o
 .text.SysTick_Config
                0x08001d34       0x44 ./Drivers/STM32F1xx_HAL_Driver/Src/stm32f1xx_hal_cortex.o
 .text.HAL_NVIC_SetPriorityGrouping
                0x08001d78       0x16 ./Drivers/STM32F1xx_HAL_Driver/Src/stm32f1xx_hal_cortex.o
                0x08001d78                HAL_NVIC_SetPriorityGrouping
 .text.HAL_NVIC_SetPriority
                0x08001d8e       0x38 ./Drivers/STM32F1xx_HAL_Driver/Src/stm32f1xx_hal_cortex.o
                0x08001d8e                HAL_NVIC_SetPriority
 .text.HAL_NVIC_EnableIRQ
                0x08001dc6       0x1c ./Drivers/STM32F1xx_HAL_Driver/Src/stm32f1xx_hal_cortex.o
                0x08001dc6                HAL_NVIC_EnableIRQ
 .text.HAL_SYSTICK_Config
                0x08001de2       0x18 ./Drivers/STM32F1xx_HAL_Driver/Src/stm32f1xx_hal_cortex.o
                0x08001de2                HAL_SYSTICK_Config
 *fill*         0x08001dfa        0x2 
 .text.HAL_GPIO_Init
                0x08001dfc      0x2f8 ./Drivers/STM32F1xx_HAL_Driver/Src/stm32f1xx_hal_gpio.o
                0x08001dfc                HAL_GPIO_Init
 .text.HAL_GPIO_ReadPin
                0x080020f4       0x2e ./Drivers/STM32F1xx_HAL_Driver/Src/stm32f1xx_hal_gpio.o
                0x080020f4                HAL_GPIO_ReadPin
 .text.HAL_GPIO_WritePin
                0x08002122       0x30 ./Drivers/STM32F1xx_HAL_Driver/Src/stm32f1xx_hal_gpio.o
                0x08002122                HAL_GPIO_WritePin
 .text.HAL_GPIO_TogglePin
                0x08002152       0x32 ./Drivers/STM32F1xx_HAL_Driver/Src/stm32f1xx_hal_gpio.o
                0x08002152                HAL_GPIO_TogglePin
 .text.HAL_RCC_OscConfig
                0x08002184      0x504 ./Drivers/STM32F1xx_HAL_Driver/Src/stm32f1xx_hal_rcc.o
                0x08002184                HAL_RCC_OscConfig
 .text.HAL_RCC_ClockConfig
                0x08002688      0x1d4 ./Drivers/STM32F1xx_HAL_Driver/Src/stm32f1xx_hal_rcc.o
                0x08002688                HAL_RCC_ClockConfig
 .text.HAL_RCC_GetSysClockFreq
                0x0800285c       0xa8 ./Drivers/STM32F1xx_HAL_Driver/Src/stm32f1xx_hal_rcc.o
                0x0800285c                HAL_RCC_GetSysClockFreq
 .text.RCC_Delay
                0x08002904       0x3c ./Drivers/STM32F1xx_HAL_Driver/Src/stm32f1xx_hal_rcc.o
 .text.HAL_TIM_Base_Init
                0x08002940       0x9e ./Drivers/STM32F1xx_HAL_Driver/Src/stm32f1xx_hal_tim.o
                0x08002940                HAL_TIM_Base_Init
 *fill*         0x080029de        0x2 
 .text.HAL_TIM_Base_Start_IT
                0x080029e0       0x98 ./Drivers/STM32F1xx_HAL_Driver/Src/stm32f1xx_hal_tim.o
                0x080029e0                HAL_TIM_Base_Start_IT
 .text.HAL_TIM_IRQHandler
                0x08002a78      0x1e0 ./Drivers/STM32F1xx_HAL_Driver/Src/stm32f1xx_hal_tim.o
                0x08002a78                HAL_TIM_IRQHandler
 .text.HAL_TIM_ConfigClockSource
                0x08002c58      0x18e ./Drivers/STM32F1xx_HAL_Driver/Src/stm32f1xx_hal_tim.o
                0x08002c58                HAL_TIM_ConfigClockSource
 .text.HAL_TIM_OC_DelayElapsedCallback
                0x08002de6       0x12 ./Drivers/STM32F1xx_HAL_Driver/Src/stm32f1xx_hal_tim.o
                0x08002de6                HAL_TIM_OC_DelayElapsedCallback
 .text.HAL_TIM_IC_CaptureCallback
                0x08002df8       0x12 ./Drivers/STM32F1xx_HAL_Driver/Src/stm32f1xx_hal_tim.o
                0x08002df8                HAL_TIM_IC_CaptureCallback
 .text.HAL_TIM_PWM_PulseFinishedCallback
                0x08002e0a       0x12 ./Drivers/STM32F1xx_HAL_Driver/Src/stm32f1xx_hal_tim.o
                0x08002e0a                HAL_TIM_PWM_PulseFinishedCallback
 .text.HAL_TIM_TriggerCallback
                0x08002e1c       0x12 ./Drivers/STM32F1xx_HAL_Driver/Src/stm32f1xx_hal_tim.o
                0x08002e1c                HAL_TIM_TriggerCallback
 *fill*         0x08002e2e        0x2 
 .text.TIM_Base_SetConfig
                0x08002e30       0xc8 ./Drivers/STM32F1xx_HAL_Driver/Src/stm32f1xx_hal_tim.o
                0x08002e30                TIM_Base_SetConfig
 .text.TIM_TI1_ConfigInputStage
                0x08002ef8       0x5c ./Drivers/STM32F1xx_HAL_Driver/Src/stm32f1xx_hal_tim.o
 .text.TIM_TI2_ConfigInputStage
                0x08002f54       0x5e ./Drivers/STM32F1xx_HAL_Driver/Src/stm32f1xx_hal_tim.o
 .text.TIM_ITRx_SetConfig
                0x08002fb2       0x34 ./Drivers/STM32F1xx_HAL_Driver/Src/stm32f1xx_hal_tim.o
 .text.TIM_ETR_SetConfig
                0x08002fe6       0x3e ./Drivers/STM32F1xx_HAL_Driver/Src/stm32f1xx_hal_tim.o
                0x08002fe6                TIM_ETR_SetConfig
 .text.HAL_TIMEx_MasterConfigSynchronization
                0x08003024       0xb0 ./Drivers/STM32F1xx_HAL_Driver/Src/stm32f1xx_hal_tim_ex.o
                0x08003024                HAL_TIMEx_MasterConfigSynchronization
 .text.HAL_TIMEx_CommutCallback
                0x080030d4       0x12 ./Drivers/STM32F1xx_HAL_Driver/Src/stm32f1xx_hal_tim_ex.o
                0x080030d4                HAL_TIMEx_CommutCallback
 .text.HAL_TIMEx_BreakCallback
                0x080030e6       0x12 ./Drivers/STM32F1xx_HAL_Driver/Src/stm32f1xx_hal_tim_ex.o
                0x080030e6                HAL_TIMEx_BreakCallback
 .text.memset   0x080030f8       0x10 C:/ST/STM32CubeIDE_1.16.1/STM32CubeIDE/plugins/com.st.stm32cube.ide.mcu.externaltools.gnu-tools-for-stm32.13.3.rel1.win32_1.0.0.202411081344/tools/bin/../lib/gcc/arm-none-eabi/13.3.1/../../../../arm-none-eabi/lib/thumb/v7-m/nofp\libc_nano.a(libc_a-memset.o)
                0x080030f8                memset
 .text.__libc_init_array
                0x08003108       0x48 C:/ST/STM32CubeIDE_1.16.1/STM32CubeIDE/plugins/com.st.stm32cube.ide.mcu.externaltools.gnu-tools-for-stm32.13.3.rel1.win32_1.0.0.202411081344/tools/bin/../lib/gcc/arm-none-eabi/13.3.1/../../../../arm-none-eabi/lib/thumb/v7-m/nofp\libc_nano.a(libc_a-init.o)
                0x08003108                __libc_init_array
 *(.glue_7)
 .glue_7        0x08003150        0x0 linker stubs
 *(.glue_7t)
 .glue_7t       0x08003150        0x0 linker stubs
 *(.eh_frame)
 .eh_frame      0x08003150        0x0 C:/ST/STM32CubeIDE_1.16.1/STM32CubeIDE/plugins/com.st.stm32cube.ide.mcu.externaltools.gnu-tools-for-stm32.13.3.rel1.win32_1.0.0.202411081344/tools/bin/../lib/gcc/arm-none-eabi/13.3.1/thumb/v7-m/nofp/crtbegin.o
 *(.init)
 .init          0x08003150        0x4 C:/ST/STM32CubeIDE_1.16.1/STM32CubeIDE/plugins/com.st.stm32cube.ide.mcu.externaltools.gnu-tools-for-stm32.13.3.rel1.win32_1.0.0.202411081344/tools/bin/../lib/gcc/arm-none-eabi/13.3.1/thumb/v7-m/nofp/crti.o
                0x08003150                _init
 .init          0x08003154        0x8 C:/ST/STM32CubeIDE_1.16.1/STM32CubeIDE/plugins/com.st.stm32cube.ide.mcu.externaltools.gnu-tools-for-stm32.13.3.rel1.win32_1.0.0.202411081344/tools/bin/../lib/gcc/arm-none-eabi/13.3.1/thumb/v7-m/nofp/crtn.o
 *(.fini)
 .fini          0x0800315c        0x4 C:/ST/STM32CubeIDE_1.16.1/STM32CubeIDE/plugins/com.st.stm32cube.ide.mcu.externaltools.gnu-tools-for-stm32.13.3.rel1.win32_1.0.0.202411081344/tools/bin/../lib/gcc/arm-none-eabi/13.3.1/thumb/v7-m/nofp/crti.o
                0x0800315c                _fini
 .fini          0x08003160        0x8 C:/ST/STM32CubeIDE_1.16.1/STM32CubeIDE/plugins/com.st.stm32cube.ide.mcu.externaltools.gnu-tools-for-stm32.13.3.rel1.win32_1.0.0.202411081344/tools/bin/../lib/gcc/arm-none-eabi/13.3.1/thumb/v7-m/nofp/crtn.o
                0x08003168                        . = ALIGN (0x4)
                0x08003168                        _etext = .

.vfp11_veneer   0x08003168        0x0
 .vfp11_veneer  0x08003168        0x0 linker stubs

.v4_bx          0x08003168        0x0
 .v4_bx         0x08003168        0x0 linker stubs

.iplt           0x08003168        0x0
 .iplt          0x08003168        0x0 C:/ST/STM32CubeIDE_1.16.1/STM32CubeIDE/plugins/com.st.stm32cube.ide.mcu.externaltools.gnu-tools-for-stm32.13.3.rel1.win32_1.0.0.202411081344/tools/bin/../lib/gcc/arm-none-eabi/13.3.1/thumb/v7-m/nofp/crtbegin.o

.rodata         0x08003168       0x24
                0x08003168                        . = ALIGN (0x4)
 *(.rodata)
 *(.rodata*)
 .rodata.AHBPrescTable
                0x08003168       0x10 ./Core/Src/system_stm32f1xx.o
                0x08003168                AHBPrescTable
 .rodata.aPLLMULFactorTable.1
                0x08003178       0x10 ./Drivers/STM32F1xx_HAL_Driver/Src/stm32f1xx_hal_rcc.o
 .rodata.aPredivFactorTable.0
                0x08003188        0x2 ./Drivers/STM32F1xx_HAL_Driver/Src/stm32f1xx_hal_rcc.o
                0x0800318c                        . = ALIGN (0x4)
 *fill*         0x0800318a        0x2 

.ARM.extab      0x0800318c        0x0
                0x0800318c                        . = ALIGN (0x4)
 *(.ARM.extab* .gnu.linkonce.armextab.*)
                0x0800318c                        . = ALIGN (0x4)

.ARM            0x0800318c        0x0
                0x0800318c                        . = ALIGN (0x4)
                0x0800318c                        __exidx_start = .
 *(.ARM.exidx*)
                0x0800318c                        __exidx_end = .
                0x0800318c                        . = ALIGN (0x4)

.preinit_array  0x0800318c        0x0
                0x0800318c                        . = ALIGN (0x4)
                0x0800318c                        PROVIDE (__preinit_array_start = .)
 *(.preinit_array*)
                0x0800318c                        PROVIDE (__preinit_array_end = .)
                0x0800318c                        . = ALIGN (0x4)

.init_array     0x0800318c        0x4
                0x0800318c                        . = ALIGN (0x4)
                0x0800318c                        PROVIDE (__init_array_start = .)
 *(SORT_BY_NAME(.init_array.*))
 *(.init_array*)
 .init_array    0x0800318c        0x4 C:/ST/STM32CubeIDE_1.16.1/STM32CubeIDE/plugins/com.st.stm32cube.ide.mcu.externaltools.gnu-tools-for-stm32.13.3.rel1.win32_1.0.0.202411081344/tools/bin/../lib/gcc/arm-none-eabi/13.3.1/thumb/v7-m/nofp/crtbegin.o
                0x08003190                        PROVIDE (__init_array_end = .)
                0x08003190                        . = ALIGN (0x4)

.fini_array     0x08003190        0x4
                0x08003190                        . = ALIGN (0x4)
                [!provide]                        PROVIDE (__fini_array_start = .)
 *(SORT_BY_NAME(.fini_array.*))
 *(.fini_array*)
 .fini_array    0x08003190        0x4 C:/ST/STM32CubeIDE_1.16.1/STM32CubeIDE/plugins/com.st.stm32cube.ide.mcu.externaltools.gnu-tools-for-stm32.13.3.rel1.win32_1.0.0.202411081344/tools/bin/../lib/gcc/arm-none-eabi/13.3.1/thumb/v7-m/nofp/crtbegin.o
                [!provide]                        PROVIDE (__fini_array_end = .)
                0x08003194                        . = ALIGN (0x4)
                0x08003194                        _sidata = LOADADDR (.data)

.rel.dyn        0x08003194        0x0
 .rel.iplt      0x08003194        0x0 C:/ST/STM32CubeIDE_1.16.1/STM32CubeIDE/plugins/com.st.stm32cube.ide.mcu.externaltools.gnu-tools-for-stm32.13.3.rel1.win32_1.0.0.202411081344/tools/bin/../lib/gcc/arm-none-eabi/13.3.1/thumb/v7-m/nofp/crtbegin.o

.data           0x20000000       0x98 load address 0x08003194
                0x20000000                        . = ALIGN (0x4)
                0x20000000                        _sdata = .
 *(.data)
 *(.data*)
 .data.button1  0x20000000       0x24 ./Core/Src/button.o
                0x20000000                button1
 .data.button2  0x20000024       0x24 ./Core/Src/button.o
                0x20000024                button2
 .data.button3  0x20000048       0x24 ./Core/Src/button.o
                0x20000048                button3
 .data.led_7seg_buffer
                0x2000006c       0x10 ./Core/Src/global.o
                0x2000006c                led_7seg_buffer
 .data.red_time
                0x2000007c        0x4 ./Core/Src/global.o
                0x2000007c                red_time
 .data.yel_time
                0x20000080        0x4 ./Core/Src/global.o
                0x20000080                yel_time
 .data.grn_time
                0x20000084        0x4 ./Core/Src/global.o
                0x20000084                grn_time
 .data.head     0x20000088        0x4 ./Core/Src/scheduler.o
                0x20000088                head
 .data.SystemCoreClock
                0x2000008c        0x4 ./Core/Src/system_stm32f1xx.o
                0x2000008c                SystemCoreClock
 .data.uwTickPrio
                0x20000090        0x4 ./Drivers/STM32F1xx_HAL_Driver/Src/stm32f1xx_hal.o
                0x20000090                uwTickPrio
 .data.uwTickFreq
                0x20000094        0x1 ./Drivers/STM32F1xx_HAL_Driver/Src/stm32f1xx_hal.o
                0x20000094                uwTickFreq
 *(.RamFunc)
 *(.RamFunc*)
                0x20000098                        . = ALIGN (0x4)
 *fill*         0x20000095        0x3 
                0x20000098                        _edata = .

.igot.plt       0x20000098        0x0 load address 0x0800322c
 .igot.plt      0x20000098        0x0 C:/ST/STM32CubeIDE_1.16.1/STM32CubeIDE/plugins/com.st.stm32cube.ide.mcu.externaltools.gnu-tools-for-stm32.13.3.rel1.win32_1.0.0.202411081344/tools/bin/../lib/gcc/arm-none-eabi/13.3.1/thumb/v7-m/nofp/crtbegin.o
                0x20000098                        . = ALIGN (0x4)

.bss            0x20000098      0x548 load address 0x0800322c
                0x20000098                        _sbss = .
                0x20000098                        __bss_start__ = _sbss
 *(.bss)
 .bss           0x20000098       0x1c C:/ST/STM32CubeIDE_1.16.1/STM32CubeIDE/plugins/com.st.stm32cube.ide.mcu.externaltools.gnu-tools-for-stm32.13.3.rel1.win32_1.0.0.202411081344/tools/bin/../lib/gcc/arm-none-eabi/13.3.1/thumb/v7-m/nofp/crtbegin.o
 *(.bss*)
 .bss.led_7seg_index
                0x200000b4        0x4 ./Core/Src/global.o
                0x200000b4                led_7seg_index
 .bss.status_4digits
                0x200000b8       0x10 ./Core/Src/global.o
                0x200000b8                status_4digits
 .bss.counter_horizontal
                0x200000c8        0x4 ./Core/Src/global.o
                0x200000c8                counter_horizontal
 .bss.counter_vertical
                0x200000cc        0x4 ./Core/Src/global.o
                0x200000cc                counter_vertical
 .bss.red_temp_time
                0x200000d0        0x4 ./Core/Src/global.o
                0x200000d0                red_temp_time
 .bss.yel_temp_time
                0x200000d4        0x4 ./Core/Src/global.o
                0x200000d4                yel_temp_time
 .bss.grn_temp_time
                0x200000d8        0x4 ./Core/Src/global.o
                0x200000d8                grn_temp_time
 .bss.htim2     0x200000dc       0x48 ./Core/Src/main.o
                0x200000dc                htim2
 .bss.arr       0x20000124      0x4b0 ./Core/Src/scheduler.o
                0x20000124                arr
 .bss.headF     0x200005d4        0x4 ./Core/Src/scheduler.o
                0x200005d4                headF
 .bss.Error_code_G
                0x200005d8        0x1 ./Core/Src/scheduler.o
                0x200005d8                Error_code_G
 .bss.TRAFFIC_LIGHT_STATE
                0x200005d9        0x1 ./Core/Src/traffic_light.o
                0x200005d9                TRAFFIC_LIGHT_STATE
 *fill*         0x200005da        0x2 
 .bss.uwTick    0x200005dc        0x4 ./Drivers/STM32F1xx_HAL_Driver/Src/stm32f1xx_hal.o
                0x200005dc                uwTick
 *(COMMON)
                0x200005e0                        . = ALIGN (0x4)
                0x200005e0                        _ebss = .
                0x200005e0                        __bss_end__ = _ebss

._user_heap_stack
                0x200005e0      0x600 load address 0x0800322c
                0x200005e0                        . = ALIGN (0x8)
                [!provide]                        PROVIDE (end = .)
                0x200005e0                        PROVIDE (_end = .)
                0x200007e0                        . = (. + _Min_Heap_Size)
 *fill*         0x200005e0      0x200 
                0x20000be0                        . = (. + _Min_Stack_Size)
 *fill*         0x200007e0      0x400 
                0x20000be0                        . = ALIGN (0x8)

/DISCARD/
 libc.a(*)
 libm.a(*)
 libgcc.a(*)

.ARM.attributes
                0x00000000       0x29
 *(.ARM.attributes)
 .ARM.attributes
                0x00000000       0x1d C:/ST/STM32CubeIDE_1.16.1/STM32CubeIDE/plugins/com.st.stm32cube.ide.mcu.externaltools.gnu-tools-for-stm32.13.3.rel1.win32_1.0.0.202411081344/tools/bin/../lib/gcc/arm-none-eabi/13.3.1/thumb/v7-m/nofp/crti.o
 .ARM.attributes
                0x0000001d       0x2d C:/ST/STM32CubeIDE_1.16.1/STM32CubeIDE/plugins/com.st.stm32cube.ide.mcu.externaltools.gnu-tools-for-stm32.13.3.rel1.win32_1.0.0.202411081344/tools/bin/../lib/gcc/arm-none-eabi/13.3.1/thumb/v7-m/nofp/crtbegin.o
 .ARM.attributes
                0x0000004a       0x2d ./Core/Src/button.o
 .ARM.attributes
                0x00000077       0x2d ./Core/Src/global.o
 .ARM.attributes
                0x000000a4       0x2d ./Core/Src/led_7_segment.o
 .ARM.attributes
                0x000000d1       0x2d ./Core/Src/main.o
 .ARM.attributes
                0x000000fe       0x2d ./Core/Src/scheduler.o
 .ARM.attributes
                0x0000012b       0x2d ./Core/Src/stm32f1xx_hal_msp.o
 .ARM.attributes
                0x00000158       0x2d ./Core/Src/stm32f1xx_it.o
 .ARM.attributes
                0x00000185       0x2d ./Core/Src/system_stm32f1xx.o
 .ARM.attributes
                0x000001b2       0x2d ./Core/Src/task.o
 .ARM.attributes
                0x000001df       0x2d ./Core/Src/traffic_light.o
 .ARM.attributes
                0x0000020c       0x21 ./Core/Startup/startup_stm32f103c6ux.o
 .ARM.attributes
                0x0000022d       0x2d ./Drivers/STM32F1xx_HAL_Driver/Src/stm32f1xx_hal.o
 .ARM.attributes
                0x0000025a       0x2d ./Drivers/STM32F1xx_HAL_Driver/Src/stm32f1xx_hal_cortex.o
 .ARM.attributes
                0x00000287       0x2d ./Drivers/STM32F1xx_HAL_Driver/Src/stm32f1xx_hal_gpio.o
 .ARM.attributes
                0x000002b4       0x2d ./Drivers/STM32F1xx_HAL_Driver/Src/stm32f1xx_hal_rcc.o
 .ARM.attributes
                0x000002e1       0x2d ./Drivers/STM32F1xx_HAL_Driver/Src/stm32f1xx_hal_tim.o
 .ARM.attributes
                0x0000030e       0x2d ./Drivers/STM32F1xx_HAL_Driver/Src/stm32f1xx_hal_tim_ex.o
 .ARM.attributes
                0x0000033b       0x2d C:/ST/STM32CubeIDE_1.16.1/STM32CubeIDE/plugins/com.st.stm32cube.ide.mcu.externaltools.gnu-tools-for-stm32.13.3.rel1.win32_1.0.0.202411081344/tools/bin/../lib/gcc/arm-none-eabi/13.3.1/../../../../arm-none-eabi/lib/thumb/v7-m/nofp\libc_nano.a(libc_a-memset.o)
 .ARM.attributes
                0x00000368       0x2d C:/ST/STM32CubeIDE_1.16.1/STM32CubeIDE/plugins/com.st.stm32cube.ide.mcu.externaltools.gnu-tools-for-stm32.13.3.rel1.win32_1.0.0.202411081344/tools/bin/../lib/gcc/arm-none-eabi/13.3.1/../../../../arm-none-eabi/lib/thumb/v7-m/nofp\libc_nano.a(libc_a-init.o)
 .ARM.attributes
                0x00000395       0x1d C:/ST/STM32CubeIDE_1.16.1/STM32CubeIDE/plugins/com.st.stm32cube.ide.mcu.externaltools.gnu-tools-for-stm32.13.3.rel1.win32_1.0.0.202411081344/tools/bin/../lib/gcc/arm-none-eabi/13.3.1/thumb/v7-m/nofp/crtn.o
OUTPUT(Lab4.elf elf32-littlearm)
LOAD linker stubs
LOAD C:/ST/STM32CubeIDE_1.16.1/STM32CubeIDE/plugins/com.st.stm32cube.ide.mcu.externaltools.gnu-tools-for-stm32.13.3.rel1.win32_1.0.0.202411081344/tools/bin/../lib/gcc/arm-none-eabi/13.3.1/../../../../arm-none-eabi/lib/thumb/v7-m/nofp\libc.a
LOAD C:/ST/STM32CubeIDE_1.16.1/STM32CubeIDE/plugins/com.st.stm32cube.ide.mcu.externaltools.gnu-tools-for-stm32.13.3.rel1.win32_1.0.0.202411081344/tools/bin/../lib/gcc/arm-none-eabi/13.3.1/../../../../arm-none-eabi/lib/thumb/v7-m/nofp\libm.a
LOAD C:/ST/STM32CubeIDE_1.16.1/STM32CubeIDE/plugins/com.st.stm32cube.ide.mcu.externaltools.gnu-tools-for-stm32.13.3.rel1.win32_1.0.0.202411081344/tools/bin/../lib/gcc/arm-none-eabi/13.3.1/thumb/v7-m/nofp\libgcc.a

.debug_info     0x00000000     0x8c18
 .debug_info    0x00000000      0x2b7 ./Core/Src/button.o
 .debug_info    0x000002b7      0x18d ./Core/Src/global.o
 .debug_info    0x00000444      0x270 ./Core/Src/led_7_segment.o
 .debug_info    0x000006b4      0xbe4 ./Core/Src/main.o
 .debug_info    0x00001298      0x3fa ./Core/Src/scheduler.o
 .debug_info    0x00001692      0x91a ./Core/Src/stm32f1xx_hal_msp.o
 .debug_info    0x00001fac      0x6a1 ./Core/Src/stm32f1xx_it.o
 .debug_info    0x0000264d      0x222 ./Core/Src/system_stm32f1xx.o
 .debug_info    0x0000286f      0x22b ./Core/Src/task.o
 .debug_info    0x00002a9a      0x48b ./Core/Src/traffic_light.o
 .debug_info    0x00002f25       0x30 ./Core/Startup/startup_stm32f103c6ux.o
 .debug_info    0x00002f55      0x6e6 ./Drivers/STM32F1xx_HAL_Driver/Src/stm32f1xx_hal.o
 .debug_info    0x0000363b      0xa69 ./Drivers/STM32F1xx_HAL_Driver/Src/stm32f1xx_hal_cortex.o
 .debug_info    0x000040a4      0x5ab ./Drivers/STM32F1xx_HAL_Driver/Src/stm32f1xx_hal_gpio.o
 .debug_info    0x0000464f      0x7d5 ./Drivers/STM32F1xx_HAL_Driver/Src/stm32f1xx_hal_rcc.o
 .debug_info    0x00004e24     0x2959 ./Drivers/STM32F1xx_HAL_Driver/Src/stm32f1xx_hal_tim.o
 .debug_info    0x0000777d     0x149b ./Drivers/STM32F1xx_HAL_Driver/Src/stm32f1xx_hal_tim_ex.o

.debug_abbrev   0x00000000     0x1e87
 .debug_abbrev  0x00000000      0x1a7 ./Core/Src/button.o
 .debug_abbrev  0x000001a7       0x85 ./Core/Src/global.o
 .debug_abbrev  0x0000022c      0x16d ./Core/Src/led_7_segment.o
 .debug_abbrev  0x00000399      0x2ba ./Core/Src/main.o
 .debug_abbrev  0x00000653      0x1f0 ./Core/Src/scheduler.o
 .debug_abbrev  0x00000843      0x1ad ./Core/Src/stm32f1xx_hal_msp.o
 .debug_abbrev  0x000009f0      0x191 ./Core/Src/stm32f1xx_it.o
 .debug_abbrev  0x00000b81      0x13f ./Core/Src/system_stm32f1xx.o
 .debug_abbrev  0x00000cc0      0x137 ./Core/Src/task.o
 .debug_abbrev  0x00000df7      0x1fd ./Core/Src/traffic_light.o
 .debug_abbrev  0x00000ff4       0x24 ./Core/Startup/startup_stm32f103c6ux.o
 .debug_abbrev  0x00001018      0x201 ./Drivers/STM32F1xx_HAL_Driver/Src/stm32f1xx_hal.o
 .debug_abbrev  0x00001219      0x2f8 ./Drivers/STM32F1xx_HAL_Driver/Src/stm32f1xx_hal_cortex.o
 .debug_abbrev  0x00001511      0x1ca ./Drivers/STM32F1xx_HAL_Driver/Src/stm32f1xx_hal_gpio.o
 .debug_abbrev  0x000016db      0x2b3 ./Drivers/STM32F1xx_HAL_Driver/Src/stm32f1xx_hal_rcc.o
 .debug_abbrev  0x0000198e      0x277 ./Drivers/STM32F1xx_HAL_Driver/Src/stm32f1xx_hal_tim.o
 .debug_abbrev  0x00001c05      0x282 ./Drivers/STM32F1xx_HAL_Driver/Src/stm32f1xx_hal_tim_ex.o

.debug_aranges  0x00000000      0xb28
 .debug_aranges
                0x00000000       0x38 ./Core/Src/button.o
 .debug_aranges
                0x00000038       0x18 ./Core/Src/global.o
 .debug_aranges
                0x00000050       0x50 ./Core/Src/led_7_segment.o
 .debug_aranges
                0x000000a0       0x48 ./Core/Src/main.o
 .debug_aranges
                0x000000e8       0x78 ./Core/Src/scheduler.o
 .debug_aranges
                0x00000160       0x30 ./Core/Src/stm32f1xx_hal_msp.o
 .debug_aranges
                0x00000190       0x68 ./Core/Src/stm32f1xx_it.o
 .debug_aranges
                0x000001f8       0x28 ./Core/Src/system_stm32f1xx.o
 .debug_aranges
                0x00000220       0x30 ./Core/Src/task.o
 .debug_aranges
                0x00000250       0xb0 ./Core/Src/traffic_light.o
 .debug_aranges
                0x00000300       0x28 ./Core/Startup/startup_stm32f103c6ux.o
 .debug_aranges
                0x00000328       0xe0 ./Drivers/STM32F1xx_HAL_Driver/Src/stm32f1xx_hal.o
 .debug_aranges
                0x00000408      0x100 ./Drivers/STM32F1xx_HAL_Driver/Src/stm32f1xx_hal_cortex.o
 .debug_aranges
                0x00000508       0x58 ./Drivers/STM32F1xx_HAL_Driver/Src/stm32f1xx_hal_gpio.o
 .debug_aranges
                0x00000560       0x90 ./Drivers/STM32F1xx_HAL_Driver/Src/stm32f1xx_hal_rcc.o
 .debug_aranges
                0x000005f0      0x3d0 ./Drivers/STM32F1xx_HAL_Driver/Src/stm32f1xx_hal_tim.o
 .debug_aranges
                0x000009c0      0x168 ./Drivers/STM32F1xx_HAL_Driver/Src/stm32f1xx_hal_tim_ex.o

.debug_rnglists
                0x00000000      0x872
 .debug_rnglists
                0x00000000       0x26 ./Core/Src/button.o
 .debug_rnglists
                0x00000026       0x3b ./Core/Src/led_7_segment.o
 .debug_rnglists
                0x00000061       0x34 ./Core/Src/main.o
 .debug_rnglists
                0x00000095       0x5a ./Core/Src/scheduler.o
 .debug_rnglists
                0x000000ef       0x1f ./Core/Src/stm32f1xx_hal_msp.o
 .debug_rnglists
                0x0000010e       0x49 ./Core/Src/stm32f1xx_it.o
 .debug_rnglists
                0x00000157       0x1a ./Core/Src/system_stm32f1xx.o
 .debug_rnglists
                0x00000171       0x1f ./Core/Src/task.o
 .debug_rnglists
                0x00000190       0x81 ./Core/Src/traffic_light.o
 .debug_rnglists
                0x00000211       0x19 ./Core/Startup/startup_stm32f103c6ux.o
 .debug_rnglists
                0x0000022a       0xa3 ./Drivers/STM32F1xx_HAL_Driver/Src/stm32f1xx_hal.o
 .debug_rnglists
                0x000002cd       0xbb ./Drivers/STM32F1xx_HAL_Driver/Src/stm32f1xx_hal_cortex.o
 .debug_rnglists
                0x00000388       0x3f ./Drivers/STM32F1xx_HAL_Driver/Src/stm32f1xx_hal_gpio.o
 .debug_rnglists
                0x000003c7       0x6c ./Drivers/STM32F1xx_HAL_Driver/Src/stm32f1xx_hal_rcc.o
 .debug_rnglists
                0x00000433      0x31a ./Drivers/STM32F1xx_HAL_Driver/Src/stm32f1xx_hal_tim.o
 .debug_rnglists
                0x0000074d      0x125 ./Drivers/STM32F1xx_HAL_Driver/Src/stm32f1xx_hal_tim_ex.o

.debug_macro    0x00000000    0x17027
 .debug_macro   0x00000000      0x1f9 ./Core/Src/button.o
 .debug_macro   0x000001f9      0xacc ./Core/Src/button.o
 .debug_macro   0x00000cc5      0x215 ./Core/Src/button.o
 .debug_macro   0x00000eda       0x2e ./Core/Src/button.o
 .debug_macro   0x00000f08       0x22 ./Core/Src/button.o
 .debug_macro   0x00000f2a       0x22 ./Core/Src/button.o
 .debug_macro   0x00000f4c       0x8e ./Core/Src/button.o
 .debug_macro   0x00000fda       0x51 ./Core/Src/button.o
 .debug_macro   0x0000102b      0x103 ./Core/Src/button.o
 .debug_macro   0x0000112e       0x6a ./Core/Src/button.o
 .debug_macro   0x00001198      0x1df ./Core/Src/button.o
 .debug_macro   0x00001377       0x1c ./Core/Src/button.o
 .debug_macro   0x00001393       0x22 ./Core/Src/button.o
 .debug_macro   0x000013b5       0xbd ./Core/Src/button.o
 .debug_macro   0x00001472      0xd23 ./Core/Src/button.o
 .debug_macro   0x00002195     0xde75 ./Core/Src/button.o
 .debug_macro   0x0001000a       0x6d ./Core/Src/button.o
 .debug_macro   0x00010077     0x34a2 ./Core/Src/button.o
 .debug_macro   0x00013519      0x190 ./Core/Src/button.o
 .debug_macro   0x000136a9       0x5c ./Core/Src/button.o
 .debug_macro   0x00013705      0x5bc ./Core/Src/button.o
 .debug_macro   0x00013cc1      0x1b7 ./Core/Src/button.o
 .debug_macro   0x00013e78      0x1cb ./Core/Src/button.o
 .debug_macro   0x00014043      0x114 ./Core/Src/button.o
 .debug_macro   0x00014157      0x1b2 ./Core/Src/button.o
 .debug_macro   0x00014309       0x27 ./Core/Src/button.o
 .debug_macro   0x00014330      0x12f ./Core/Src/button.o
 .debug_macro   0x0001445f      0x1bc ./Core/Src/button.o
 .debug_macro   0x0001461b       0x34 ./Core/Src/button.o
 .debug_macro   0x0001464f       0x3c ./Core/Src/button.o
 .debug_macro   0x0001468b       0x57 ./Core/Src/button.o
 .debug_macro   0x000146e2       0x87 ./Core/Src/button.o
 .debug_macro   0x00014769      0x183 ./Core/Src/button.o
 .debug_macro   0x000148ec      0x140 ./Core/Src/button.o
 .debug_macro   0x00014a2c      0x8ed ./Core/Src/button.o
 .debug_macro   0x00015319       0x69 ./Core/Src/button.o
 .debug_macro   0x00015382      0x10c ./Core/Src/button.o
 .debug_macro   0x0001548e       0x94 ./Core/Src/button.o
 .debug_macro   0x00015522      0x1f5 ./Core/Src/global.o
 .debug_macro   0x00015717      0x1f9 ./Core/Src/led_7_segment.o
 .debug_macro   0x00015910      0x1f9 ./Core/Src/main.o
 .debug_macro   0x00015b09      0x20d ./Core/Src/scheduler.o
 .debug_macro   0x00015d16      0x1a6 ./Core/Src/stm32f1xx_hal_msp.o
 .debug_macro   0x00015ebc      0x1b0 ./Core/Src/stm32f1xx_it.o
 .debug_macro   0x0001606c      0x197 ./Core/Src/system_stm32f1xx.o
 .debug_macro   0x00016203      0x1f5 ./Core/Src/task.o
 .debug_macro   0x000163f8      0x203 ./Core/Src/traffic_light.o
 .debug_macro   0x000165fb      0x1bb ./Drivers/STM32F1xx_HAL_Driver/Src/stm32f1xx_hal.o
 .debug_macro   0x000167b6      0x197 ./Drivers/STM32F1xx_HAL_Driver/Src/stm32f1xx_hal_cortex.o
 .debug_macro   0x0001694d      0x202 ./Drivers/STM32F1xx_HAL_Driver/Src/stm32f1xx_hal_gpio.o
 .debug_macro   0x00016b4f      0x1a9 ./Drivers/STM32F1xx_HAL_Driver/Src/stm32f1xx_hal_rcc.o
 .debug_macro   0x00016cf8      0x198 ./Drivers/STM32F1xx_HAL_Driver/Src/stm32f1xx_hal_tim.o
 .debug_macro   0x00016e90      0x197 ./Drivers/STM32F1xx_HAL_Driver/Src/stm32f1xx_hal_tim_ex.o

.debug_line     0x00000000     0xcdf0
 .debug_line    0x00000000      0x816 ./Core/Src/button.o
 .debug_line    0x00000816      0x72c ./Core/Src/global.o
 .debug_line    0x00000f42      0x8b5 ./Core/Src/led_7_segment.o
 .debug_line    0x000017f7      0x87c ./Core/Src/main.o
 .debug_line    0x00002073      0xa0c ./Core/Src/scheduler.o
 .debug_line    0x00002a7f      0x720 ./Core/Src/stm32f1xx_hal_msp.o
 .debug_line    0x0000319f      0x7ab ./Core/Src/stm32f1xx_it.o
 .debug_line    0x0000394a      0x763 ./Core/Src/system_stm32f1xx.o
 .debug_line    0x000040ad      0x78b ./Core/Src/task.o
 .debug_line    0x00004838      0xbc4 ./Core/Src/traffic_light.o
 .debug_line    0x000053fc       0x78 ./Core/Startup/startup_stm32f103c6ux.o
 .debug_line    0x00005474      0x994 ./Drivers/STM32F1xx_HAL_Driver/Src/stm32f1xx_hal.o
 .debug_line    0x00005e08      0xb5e ./Drivers/STM32F1xx_HAL_Driver/Src/stm32f1xx_hal_cortex.o
 .debug_line    0x00006966      0x9dc ./Drivers/STM32F1xx_HAL_Driver/Src/stm32f1xx_hal_gpio.o
 .debug_line    0x00007342      0xe4d ./Drivers/STM32F1xx_HAL_Driver/Src/stm32f1xx_hal_rcc.o
 .debug_line    0x0000818f     0x3439 ./Drivers/STM32F1xx_HAL_Driver/Src/stm32f1xx_hal_tim.o
 .debug_line    0x0000b5c8     0x1828 ./Drivers/STM32F1xx_HAL_Driver/Src/stm32f1xx_hal_tim_ex.o

.debug_str      0x00000000    0x82a72
 .debug_str     0x00000000    0x82a72 ./Core/Src/button.o
                              0x7fe1e (size before relaxing)
 .debug_str     0x00082a72    0x7fd9c ./Core/Src/global.o
 .debug_str     0x00082a72    0x7fe4f ./Core/Src/led_7_segment.o
 .debug_str     0x00082a72    0x80649 ./Core/Src/main.o
 .debug_str     0x00082a72    0x7ff2f ./Core/Src/scheduler.o
 .debug_str     0x00082a72    0x80368 ./Core/Src/stm32f1xx_hal_msp.o
 .debug_str     0x00082a72    0x800a3 ./Core/Src/stm32f1xx_it.o
 .debug_str     0x00082a72    0x7f7e4 ./Core/Src/system_stm32f1xx.o
 .debug_str     0x00082a72    0x7fe1c ./Core/Src/task.o
 .debug_str     0x00082a72    0x800d3 ./Core/Src/traffic_light.o
 .debug_str     0x00082a72       0x98 ./Core/Startup/startup_stm32f103c6ux.o
 .debug_str     0x00082a72    0x7fedd ./Drivers/STM32F1xx_HAL_Driver/Src/stm32f1xx_hal.o
 .debug_str     0x00082a72    0x7fe29 ./Drivers/STM32F1xx_HAL_Driver/Src/stm32f1xx_hal_cortex.o
 .debug_str     0x00082a72    0x7fb6a ./Drivers/STM32F1xx_HAL_Driver/Src/stm32f1xx_hal_gpio.o
 .debug_str     0x00082a72    0x7fc13 ./Drivers/STM32F1xx_HAL_Driver/Src/stm32f1xx_hal_rcc.o
 .debug_str     0x00082a72    0x80c15 ./Drivers/STM32F1xx_HAL_Driver/Src/stm32f1xx_hal_tim.o
 .debug_str     0x00082a72    0x80421 ./Drivers/STM32F1xx_HAL_Driver/Src/stm32f1xx_hal_tim_ex.o

.comment        0x00000000       0x43
 .comment       0x00000000       0x43 ./Core/Src/button.o
                                 0x44 (size before relaxing)
 .comment       0x00000043       0x44 ./Core/Src/global.o
 .comment       0x00000043       0x44 ./Core/Src/led_7_segment.o
 .comment       0x00000043       0x44 ./Core/Src/main.o
 .comment       0x00000043       0x44 ./Core/Src/scheduler.o
 .comment       0x00000043       0x44 ./Core/Src/stm32f1xx_hal_msp.o
 .comment       0x00000043       0x44 ./Core/Src/stm32f1xx_it.o
 .comment       0x00000043       0x44 ./Core/Src/system_stm32f1xx.o
 .comment       0x00000043       0x44 ./Core/Src/task.o
 .comment       0x00000043       0x44 ./Core/Src/traffic_light.o
 .comment       0x00000043       0x44 ./Drivers/STM32F1xx_HAL_Driver/Src/stm32f1xx_hal.o
 .comment       0x00000043       0x44 ./Drivers/STM32F1xx_HAL_Driver/Src/stm32f1xx_hal_cortex.o
 .comment       0x00000043       0x44 ./Drivers/STM32F1xx_HAL_Driver/Src/stm32f1xx_hal_gpio.o
 .comment       0x00000043       0x44 ./Drivers/STM32F1xx_HAL_Driver/Src/stm32f1xx_hal_rcc.o
 .comment       0x00000043       0x44 ./Drivers/STM32F1xx_HAL_Driver/Src/stm32f1xx_hal_tim.o
 .comment       0x00000043       0x44 ./Drivers/STM32F1xx_HAL_Driver/Src/stm32f1xx_hal_tim_ex.o

.debug_frame    0x00000000     0x2bc0
 .debug_frame   0x00000000       0xac ./Core/Src/button.o
 .debug_frame   0x000000ac       0xf8 ./Core/Src/led_7_segment.o
 .debug_frame   0x000001a4       0xd4 ./Core/Src/main.o
 .debug_frame   0x00000278      0x1c4 ./Core/Src/scheduler.o
 .debug_frame   0x0000043c       0x80 ./Core/Src/stm32f1xx_hal_msp.o
 .debug_frame   0x000004bc      0x120 ./Core/Src/stm32f1xx_it.o
 .debug_frame   0x000005dc       0x58 ./Core/Src/system_stm32f1xx.o
 .debug_frame   0x00000634       0x64 ./Core/Src/task.o
 .debug_frame   0x00000698      0x230 ./Core/Src/traffic_light.o
 .debug_frame   0x000008c8      0x334 ./Drivers/STM32F1xx_HAL_Driver/Src/stm32f1xx_hal.o
 .debug_frame   0x00000bfc      0x428 ./Drivers/STM32F1xx_HAL_Driver/Src/stm32f1xx_hal_cortex.o
 .debug_frame   0x00001024      0x14c ./Drivers/STM32F1xx_HAL_Driver/Src/stm32f1xx_hal_gpio.o
 .debug_frame   0x00001170      0x218 ./Drivers/STM32F1xx_HAL_Driver/Src/stm32f1xx_hal_rcc.o
 .debug_frame   0x00001388     0x11b4 ./Drivers/STM32F1xx_HAL_Driver/Src/stm32f1xx_hal_tim.o
 .debug_frame   0x0000253c      0x638 ./Drivers/STM32F1xx_HAL_Driver/Src/stm32f1xx_hal_tim_ex.o
 .debug_frame   0x00002b74       0x20 C:/ST/STM32CubeIDE_1.16.1/STM32CubeIDE/plugins/com.st.stm32cube.ide.mcu.externaltools.gnu-tools-for-stm32.13.3.rel1.win32_1.0.0.202411081344/tools/bin/../lib/gcc/arm-none-eabi/13.3.1/../../../../arm-none-eabi/lib/thumb/v7-m/nofp\libc_nano.a(libc_a-memset.o)
 .debug_frame   0x00002b94       0x2c C:/ST/STM32CubeIDE_1.16.1/STM32CubeIDE/plugins/com.st.stm32cube.ide.mcu.externaltools.gnu-tools-for-stm32.13.3.rel1.win32_1.0.0.202411081344/tools/bin/../lib/gcc/arm-none-eabi/13.3.1/../../../../arm-none-eabi/lib/thumb/v7-m/nofp\libc_nano.a(libc_a-init.o)

.debug_line_str
                0x00000000       0x7c
 .debug_line_str
                0x00000000       0x7c ./Core/Startup/startup_stm32f103c6ux.o
