../Core/Src/scheduler.c:43:6:initArr	16	static
../Core/Src/scheduler.c:54:6:clearData	16	static
../Core/Src/scheduler.c:63:9:getFreeIndexArr	16	static
../Core/Src/scheduler.c:73:6:deleteIndex	16	static
../Core/Src/scheduler.c:80:6:addIndex	24	static
../Core/Src/scheduler.c:123:6:SCH_Init	8	static
../Core/Src/scheduler.c:131:6:SCH_Update	4	static
../Core/Src/scheduler.c:146:6:SCH_Dispatch_Tasks	40	static
../Core/Src/scheduler.c:179:10:SCH_Add_Task	32	static
../Core/Src/scheduler.c:199:10:SCH_Delete_Task	32	static
../Core/Src/scheduler.c:247:6:SCH_Report_Status	4	static
../Core/Src/scheduler.c:248:6:SCH_Go_To_Sleep	4	static
